###############################################################################
#
# IAR ELF Linker V8.11.3.13950/W32 for ARM                15/Jun/2018  19:46:10
# Copyright 2007-2017 IAR Systems AB.
#
#    Output file  =  
#        C:\Users\KOKUBO\Documents\STM32開発\TIM6_Practice\EWARM\TIM6_Practice\Exe\TIM6_Practice.out
#    Map file     =  
#        C:\Users\KOKUBO\Documents\STM32開発\TIM6_Practice\EWARM\TIM6_Practice\List\TIM6_Practice.map
#    Command line =  
#        -f C:\Users\KOKUBO\AppData\Local\Temp\EWF6E4.tmp
#        (C:\Users\KOKUBO\Documents\STM32開発\TIM6_Practice\EWARM\TIM6_Practice\Obj\main.o
#        C:\Users\KOKUBO\Documents\STM32開発\TIM6_Practice\EWARM\TIM6_Practice\Obj\startup_stm32f446xx.o
#        C:\Users\KOKUBO\Documents\STM32開発\TIM6_Practice\EWARM\TIM6_Practice\Obj\stm32f4xx_hal.o
#        C:\Users\KOKUBO\Documents\STM32開発\TIM6_Practice\EWARM\TIM6_Practice\Obj\stm32f4xx_hal_cortex.o
#        C:\Users\KOKUBO\Documents\STM32開発\TIM6_Practice\EWARM\TIM6_Practice\Obj\stm32f4xx_hal_dma.o
#        C:\Users\KOKUBO\Documents\STM32開発\TIM6_Practice\EWARM\TIM6_Practice\Obj\stm32f4xx_hal_dma_ex.o
#        C:\Users\KOKUBO\Documents\STM32開発\TIM6_Practice\EWARM\TIM6_Practice\Obj\stm32f4xx_hal_flash.o
#        C:\Users\KOKUBO\Documents\STM32開発\TIM6_Practice\EWARM\TIM6_Practice\Obj\stm32f4xx_hal_flash_ex.o
#        C:\Users\KOKUBO\Documents\STM32開発\TIM6_Practice\EWARM\TIM6_Practice\Obj\stm32f4xx_hal_flash_ramfunc.o
#        C:\Users\KOKUBO\Documents\STM32開発\TIM6_Practice\EWARM\TIM6_Practice\Obj\stm32f4xx_hal_gpio.o
#        C:\Users\KOKUBO\Documents\STM32開発\TIM6_Practice\EWARM\TIM6_Practice\Obj\stm32f4xx_hal_msp.o
#        C:\Users\KOKUBO\Documents\STM32開発\TIM6_Practice\EWARM\TIM6_Practice\Obj\stm32f4xx_hal_pwr.o
#        C:\Users\KOKUBO\Documents\STM32開発\TIM6_Practice\EWARM\TIM6_Practice\Obj\stm32f4xx_hal_pwr_ex.o
#        C:\Users\KOKUBO\Documents\STM32開発\TIM6_Practice\EWARM\TIM6_Practice\Obj\stm32f4xx_hal_rcc.o
#        C:\Users\KOKUBO\Documents\STM32開発\TIM6_Practice\EWARM\TIM6_Practice\Obj\stm32f4xx_hal_rcc_ex.o
#        C:\Users\KOKUBO\Documents\STM32開発\TIM6_Practice\EWARM\TIM6_Practice\Obj\stm32f4xx_hal_tim.o
#        C:\Users\KOKUBO\Documents\STM32開発\TIM6_Practice\EWARM\TIM6_Practice\Obj\stm32f4xx_hal_tim_ex.o
#        C:\Users\KOKUBO\Documents\STM32開発\TIM6_Practice\EWARM\TIM6_Practice\Obj\stm32f4xx_it.o
#        C:\Users\KOKUBO\Documents\STM32開発\TIM6_Practice\EWARM\TIM6_Practice\Obj\system_stm32f4xx.o
#        --redirect _Printf=_PrintfFull --redirect _Scanf=_ScanfFull -o
#        C:\Users\KOKUBO\Documents\STM32開発\TIM6_Practice\EWARM\TIM6_Practice\Exe\TIM6_Practice.out
#        --map
#        C:\Users\KOKUBO\Documents\STM32開発\TIM6_Practice\EWARM\TIM6_Practice\List\TIM6_Practice.map
#        --config
#        C:\Users\KOKUBO\Documents\STM32開発\TIM6_Practice\EWARM/stm32f446xx_flash.icf
#        --semihosting --entry __iar_program_start --vfe --text_out locale)
#
###############################################################################

*******************************************************************************
*** RUNTIME MODEL ATTRIBUTES
***

CppFlavor       = *
__SystemLibrary = DLib
__dlib_version  = 6


*******************************************************************************
*** HEAP SELECTION
***

The basic heap was selected because some modules are built with
size limitations (and not runtime checking), and --advanced_heap
was not specified.


*******************************************************************************
*** PLACEMENT SUMMARY
***

"A0":  place at 0x08000000 { ro section .intvec };
"P1":  place in [from 0x08000000 to 0x0807ffff] { ro };
define block CSTACK with size = 1K, alignment = 8 { };
define block HEAP with size = 512, alignment = 8 { };
"P2":  place in [from 0x20000000 to 0x2001ffff] {
          rw, block CSTACK, block HEAP };
initialize by copy { rw };

  Section            Kind        Address    Size  Object
  -------            ----        -------    ----  ------
"A0":                                      0x1c4
  .intvec            ro code  0x08000000   0x1c4  startup_stm32f446xx.o [1]
                            - 0x080001c4   0x1c4

"P1":                                     0x1105
  .text              ro code  0x080001c4   0x3b0  stm32f4xx_hal_rcc_ex.o [1]
  .text              ro code  0x08000574     0xc  stm32f4xx_hal.o [1]
  .text              ro code  0x08000580    0xee  I64DivMod.o [5]
  .text              ro code  0x08000670     0x2  I64DivZer.o [5]
  .text              ro code  0x08000674   0x258  stm32f4xx_hal_tim.o [1]
  .text              ro code  0x080008cc    0xcc  stm32f4xx_hal_msp.o [1]
  .text              ro code  0x08000998     0x2  stm32f4xx_hal_tim.o [1]
  .text              ro code  0x0800099a     0x2  stm32f4xx_hal_tim.o [1]
  .text              ro code  0x0800099c     0x2  stm32f4xx_hal_tim.o [1]
  .text              ro code  0x0800099e     0x2  stm32f4xx_hal_tim_ex.o [1]
  .text              ro code  0x080009a0     0x2  stm32f4xx_hal_tim.o [1]
  .text              ro code  0x080009a2     0x2  stm32f4xx_hal_tim_ex.o [1]
  .text              ro code  0x080009a4     0x2  stm32f4xx_hal_tim.o [1]
  .text              ro code  0x080009a8    0xe6  stm32f4xx_hal_cortex.o [1]
  .text              ro code  0x08000a90   0x1d0  stm32f4xx_hal_gpio.o [1]
  .text              ro code  0x08000c60   0x178  main.o [1]
  .text              ro code  0x08000dd8    0x34  stm32f4xx_hal.o [1]
  .text              ro code  0x08000e0c    0x4a  stm32f4xx_hal_tim_ex.o [1]
  .text              ro code  0x08000e58   0x120  stm32f4xx_hal_rcc.o [1]
  .text              ro code  0x08000f78    0x40  stm32f4xx_hal.o [1]
  .text              ro code  0x08000fb8    0x60  system_stm32f4xx.o [1]
  .text              ro code  0x08001018    0x38  packbits_init_single.o [5]
  .text              ro code  0x08001050    0x2c  stm32f4xx_it.o [1]
  .text              ro code  0x0800107c    0x10  stm32f4xx_hal.o [1]
  .text              ro code  0x0800108c    0x28  data_init.o [5]
  .text              ro code  0x080010b4    0x22  fpinit_M.o [4]
  .iar.init_table    const    0x080010d8    0x10  - Linker created -
  .text              ro code  0x080010e8    0x1a  cmain.o [5]
  .text              ro code  0x08001102     0x4  low_level_init.o [3]
  .text              ro code  0x08001106     0x4  exit.o [3]
  .text              ro code  0x0800110c     0xa  cexit.o [5]
  .text              ro code  0x08001118    0x14  exit.o [6]
  .text              ro code  0x0800112c    0x10  startup_stm32f446xx.o [1]
  .text              ro code  0x0800113c     0xc  cstartup_M.o [5]
  .text              ro code  0x08001148     0x4  startup_stm32f446xx.o [1]
  .text              ro code  0x0800114c     0x4  startup_stm32f446xx.o [1]
  .text              ro code  0x08001150     0x4  startup_stm32f446xx.o [1]
  .text              ro code  0x08001154     0x4  startup_stm32f446xx.o [1]
  .text              ro code  0x08001158     0x4  startup_stm32f446xx.o [1]
  .text              ro code  0x0800115c     0x4  startup_stm32f446xx.o [1]
  .text              ro code  0x08001160     0x4  startup_stm32f446xx.o [1]
  .text              ro code  0x08001164     0x4  startup_stm32f446xx.o [1]
  .text              ro code  0x08001168     0x4  startup_stm32f446xx.o [1]
  .text              ro code  0x0800116c     0x4  startup_stm32f446xx.o [1]
  .text              ro code  0x08001170     0x4  startup_stm32f446xx.o [1]
  .text              ro code  0x08001174     0x4  startup_stm32f446xx.o [1]
  .text              ro code  0x08001178     0x4  startup_stm32f446xx.o [1]
  .text              ro code  0x0800117c     0x4  startup_stm32f446xx.o [1]
  .text              ro code  0x08001180     0x4  startup_stm32f446xx.o [1]
  .text              ro code  0x08001184     0x4  startup_stm32f446xx.o [1]
  .text              ro code  0x08001188     0x4  startup_stm32f446xx.o [1]
  .text              ro code  0x0800118c     0x4  startup_stm32f446xx.o [1]
  .text              ro code  0x08001190     0x4  startup_stm32f446xx.o [1]
  .text              ro code  0x08001194     0x4  startup_stm32f446xx.o [1]
  .text              ro code  0x08001198     0x4  startup_stm32f446xx.o [1]
  .text              ro code  0x0800119c     0x4  startup_stm32f446xx.o [1]
  .text              ro code  0x080011a0     0x4  startup_stm32f446xx.o [1]
  .text              ro code  0x080011a4     0x4  startup_stm32f446xx.o [1]
  .text              ro code  0x080011a8     0x4  startup_stm32f446xx.o [1]
  .text              ro code  0x080011ac     0x4  startup_stm32f446xx.o [1]
  .text              ro code  0x080011b0     0x4  startup_stm32f446xx.o [1]
  .text              ro code  0x080011b4     0x4  startup_stm32f446xx.o [1]
  .text              ro code  0x080011b8     0x4  startup_stm32f446xx.o [1]
  .text              ro code  0x080011bc     0x4  startup_stm32f446xx.o [1]
  .text              ro code  0x080011c0     0x4  startup_stm32f446xx.o [1]
  .text              ro code  0x080011c4     0x4  startup_stm32f446xx.o [1]
  .text              ro code  0x080011c8     0x4  startup_stm32f446xx.o [1]
  .text              ro code  0x080011cc     0x4  startup_stm32f446xx.o [1]
  .text              ro code  0x080011d0     0x4  startup_stm32f446xx.o [1]
  .text              ro code  0x080011d4     0x4  startup_stm32f446xx.o [1]
  .text              ro code  0x080011d8     0x4  startup_stm32f446xx.o [1]
  .text              ro code  0x080011dc     0x4  startup_stm32f446xx.o [1]
  .text              ro code  0x080011e0     0x4  startup_stm32f446xx.o [1]
  .text              ro code  0x080011e4     0x4  startup_stm32f446xx.o [1]
  .text              ro code  0x080011e8     0x4  startup_stm32f446xx.o [1]
  .text              ro code  0x080011ec     0x4  startup_stm32f446xx.o [1]
  .text              ro code  0x080011f0     0x4  startup_stm32f446xx.o [1]
  .text              ro code  0x080011f4     0x4  startup_stm32f446xx.o [1]
  .text              ro code  0x080011f8     0x4  startup_stm32f446xx.o [1]
  .text              ro code  0x080011fc     0x4  startup_stm32f446xx.o [1]
  .text              ro code  0x08001200     0x4  startup_stm32f446xx.o [1]
  .text              ro code  0x08001204     0x4  startup_stm32f446xx.o [1]
  .text              ro code  0x08001208     0x4  startup_stm32f446xx.o [1]
  .text              ro code  0x0800120c     0x4  startup_stm32f446xx.o [1]
  .text              ro code  0x08001210     0x4  startup_stm32f446xx.o [1]
  .text              ro code  0x08001214     0x4  startup_stm32f446xx.o [1]
  .text              ro code  0x08001218     0x4  startup_stm32f446xx.o [1]
  .text              ro code  0x0800121c     0x4  startup_stm32f446xx.o [1]
  .text              ro code  0x08001220     0x4  startup_stm32f446xx.o [1]
  .text              ro code  0x08001224     0x4  startup_stm32f446xx.o [1]
  .text              ro code  0x08001228     0x4  startup_stm32f446xx.o [1]
  .text              ro code  0x0800122c     0x4  startup_stm32f446xx.o [1]
  .text              ro code  0x08001230     0x4  startup_stm32f446xx.o [1]
  .text              ro code  0x08001234     0x4  startup_stm32f446xx.o [1]
  .text              ro code  0x08001238     0x4  startup_stm32f446xx.o [1]
  .text              ro code  0x0800123c     0x4  startup_stm32f446xx.o [1]
  .text              ro code  0x08001240     0x4  startup_stm32f446xx.o [1]
  .text              ro code  0x08001244     0x4  startup_stm32f446xx.o [1]
  .text              ro code  0x08001248     0x4  startup_stm32f446xx.o [1]
  .text              ro code  0x0800124c     0x4  startup_stm32f446xx.o [1]
  .text              ro code  0x08001250     0x4  startup_stm32f446xx.o [1]
  .text              ro code  0x08001254     0x4  startup_stm32f446xx.o [1]
  .text              ro code  0x08001258     0x4  startup_stm32f446xx.o [1]
  .text              ro code  0x0800125c     0x4  startup_stm32f446xx.o [1]
  .text              ro code  0x08001260     0x4  startup_stm32f446xx.o [1]
  .text              ro code  0x08001264     0x4  startup_stm32f446xx.o [1]
  .text              ro code  0x08001268     0x4  startup_stm32f446xx.o [1]
  .text              ro code  0x0800126c     0x4  startup_stm32f446xx.o [1]
  .text              ro code  0x08001270     0x4  startup_stm32f446xx.o [1]
  .text              ro code  0x08001274     0x4  startup_stm32f446xx.o [1]
  .text              ro code  0x08001278     0x4  startup_stm32f446xx.o [1]
  .text              ro code  0x0800127c     0x4  startup_stm32f446xx.o [1]
  .text              ro code  0x08001280     0x4  startup_stm32f446xx.o [1]
  .text              ro code  0x08001284     0x4  startup_stm32f446xx.o [1]
  .text              ro code  0x08001288     0x4  startup_stm32f446xx.o [1]
  .text              ro code  0x0800128c     0x4  startup_stm32f446xx.o [1]
  .text              ro code  0x08001290     0x4  startup_stm32f446xx.o [1]
  .text              ro code  0x08001294     0x4  startup_stm32f446xx.o [1]
  .text              ro code  0x08001298     0x4  startup_stm32f446xx.o [1]
  .text              ro code  0x0800129c     0x4  startup_stm32f446xx.o [1]
  .text              ro code  0x080012a0     0x4  startup_stm32f446xx.o [1]
  .text              ro code  0x080012a4     0x4  startup_stm32f446xx.o [1]
  .text              ro code  0x080012a8     0x4  startup_stm32f446xx.o [1]
  .text              ro code  0x080012ac     0x4  startup_stm32f446xx.o [1]
  .text              ro code  0x080012b0     0x4  startup_stm32f446xx.o [1]
  .text              ro code  0x080012b4     0x4  startup_stm32f446xx.o [1]
  .text              ro code  0x080012b8     0x4  startup_stm32f446xx.o [1]
  .rodata            const    0x080012bc     0x0  packbits_init_single.o [5]
  Initializer bytes  const    0x080012bc     0xd  <for P2-1>
                            - 0x080012c9  0x1105

"P2", part 1 of 2:                          0x4c
  P2-1                        0x20000000    0x4c  <Init block>
    .data            inited   0x20000000     0xc  stm32f4xx_hal.o [1]
    .data            inited   0x2000000c     0x4  system_stm32f4xx.o [1]
    .bss             inited   0x20000010    0x3c  main.o [1]
                            - 0x2000004c    0x4c

"P2", part 2 of 2:                         0x400
  CSTACK                      0x20000050   0x400  <Block>
    CSTACK           uninit   0x20000050   0x400  <Block tail>
                            - 0x20000450   0x400


*******************************************************************************
*** INIT TABLE
***

          Address     Size
          -------     ----
Copy/packbits (__iar_packbits_init_single3)
    1 source range, total size 0xd (17% of destination):
          0x080012bc   0xd
    1 destination range, total size 0x4c:
          0x20000000  0x4c



*******************************************************************************
*** MODULE SUMMARY
***

    Module                  ro code  ro data  rw data
    ------                  -------  -------  -------
C:\Users\KOKUBO\Documents\STM32開発\TIM6_Practice\EWARM\TIM6_Practice\Obj: [1]
    main.o                      376       11       60
    startup_stm32f446xx.o       840
    stm32f4xx_hal.o             144        2       12
    stm32f4xx_hal_cortex.o      230
    stm32f4xx_hal_gpio.o        464
    stm32f4xx_hal_msp.o         204
    stm32f4xx_hal_rcc.o         288
    stm32f4xx_hal_rcc_ex.o      944
    stm32f4xx_hal_tim.o         610
    stm32f4xx_hal_tim_ex.o       78
    stm32f4xx_it.o               44
    system_stm32f4xx.o           96                 4
    -------------------------------------------------
    Total:                    4 318       13       76

command line: [2]
    -------------------------------------------------
    Total:

dl7M_tlf.a: [3]
    exit.o                        4
    low_level_init.o              4
    -------------------------------------------------
    Total:                        8

m7M_tls.a: [4]
    fpinit_M.o                   34
    -------------------------------------------------
    Total:                       34

rt7M_tl.a: [5]
    I64DivMod.o                 238
    I64DivZer.o                   2
    cexit.o                      10
    cmain.o                      26
    cstartup_M.o                 12
    data_init.o                  40
    packbits_init_single.o       56
    -------------------------------------------------
    Total:                      384

shb_l.a: [6]
    exit.o                       20
    -------------------------------------------------
    Total:                       20

    Gaps                         14        2
    Linker created                        16    1 024
-----------------------------------------------------
    Grand Total:              4 778       31    1 100


*******************************************************************************
*** ENTRY LIST
***

Entry                      Address   Size  Type      Object
-----                      -------   ----  ----      ------
.iar.init_table$$Base   0x080010d8          --   Gb  - Linker created -
.iar.init_table$$Limit  0x080010e8          --   Gb  - Linker created -
?main                   0x080010e9         Code  Gb  cmain.o [5]
AHBPrescTable           0x08001008   0x10  Data  Gb  system_stm32f4xx.o [1]
CSTACK$$Base            0x20000050          --   Gb  - Linker created -
CSTACK$$Limit           0x20000450          --   Gb  - Linker created -
HAL_GPIO_Init           0x08000a91  0x194  Code  Gb  stm32f4xx_hal_gpio.o [1]
HAL_GPIO_TogglePin      0x08000c31    0x8  Code  Gb  stm32f4xx_hal_gpio.o [1]
HAL_GPIO_WritePin       0x08000c25    0xc  Code  Gb  stm32f4xx_hal_gpio.o [1]
HAL_GetTick             0x08000575    0xc  Code  Wk  stm32f4xx_hal.o [1]
HAL_IncTick             0x0800107d   0x10  Code  Wk  stm32f4xx_hal.o [1]
HAL_Init                0x08000dd9   0x30  Code  Gb  stm32f4xx_hal.o [1]
HAL_InitTick            0x08000f79   0x40  Code  Wk  stm32f4xx_hal.o [1]
HAL_MspInit             0x080008cd   0x8e  Code  Gb  stm32f4xx_hal_msp.o [1]
HAL_NVIC_EnableIRQ      0x08000a1b    0xa  Code  Gb  stm32f4xx_hal_cortex.o [1]
HAL_NVIC_SetPriority    0x080009e1   0x3a  Code  Gb  stm32f4xx_hal_cortex.o [1]
HAL_NVIC_SetPriorityGrouping
                        0x080009c7   0x1a  Code  Gb  stm32f4xx_hal_cortex.o [1]
HAL_RCC_ClockConfig     0x08000e59   0xfe  Code  Gb  stm32f4xx_hal_rcc.o [1]
HAL_RCC_GetHCLKFreq     0x08000f63    0x6  Code  Gb  stm32f4xx_hal_rcc.o [1]
HAL_RCC_GetSysClockFreq
                        0x080001cd   0x7a  Code  Gb  stm32f4xx_hal_rcc_ex.o [1]
HAL_RCC_OscConfig       0x08000257  0x2f0  Code  Gb  stm32f4xx_hal_rcc_ex.o [1]
HAL_SYSTICK_CLKSourceConfig
                        0x08000a57   0x1a  Code  Gb  stm32f4xx_hal_cortex.o [1]
HAL_SYSTICK_Config      0x08000a2f   0x28  Code  Gb  stm32f4xx_hal_cortex.o [1]
HAL_SYSTICK_IRQHandler  0x08000a89    0x4  Code  Gb  stm32f4xx_hal_cortex.o [1]
HAL_TIMEx_BreakCallback
                        0x0800099f    0x2  Code  Wk  stm32f4xx_hal_tim_ex.o [1]
HAL_TIMEx_CommutationCallback
                        0x080009a3    0x2  Code  Wk  stm32f4xx_hal_tim_ex.o [1]
HAL_TIMEx_MasterConfigSynchronization
                        0x08000e0d   0x4a  Code  Gb  stm32f4xx_hal_tim_ex.o [1]
HAL_TIM_Base_Init       0x08000675   0x1a  Code  Gb  stm32f4xx_hal_tim.o [1]
HAL_TIM_Base_MspInit    0x0800095b   0x36  Code  Gb  stm32f4xx_hal_msp.o [1]
HAL_TIM_Base_Start_IT   0x0800068f   0x16  Code  Gb  stm32f4xx_hal_tim.o [1]
HAL_TIM_IRQHandler      0x080006c9  0x142  Code  Gb  stm32f4xx_hal_tim.o [1]
NVIC_SetPriority        0x080009a9   0x1e  Code  Lc  stm32f4xx_hal_cortex.o [1]
Region$$Table$$Base     0x080010d8          --   Gb  - Linker created -
Region$$Table$$Limit    0x080010e8          --   Gb  - Linker created -
SysTick_Handler         0x08001051    0xe  Code  Gb  stm32f4xx_it.o [1]
SystemClock_Config      0x08000d0b   0xae  Code  Gb  main.o [1]
SystemCoreClock         0x2000000c    0x4  Data  Gb  system_stm32f4xx.o [1]
SystemInit              0x08000fb9   0x3a  Code  Gb  system_stm32f4xx.o [1]
TIM6_DAC_IRQHandler     0x0800105f   0x14  Code  Gb  stm32f4xx_it.o [1]
TIM_Base_SetConfig      0x08000811   0x8e  Code  Gb  stm32f4xx_hal_tim.o [1]
__aeabi_ldiv0           0x08000671         Code  Gb  I64DivZer.o [5]
__aeabi_uldivmod        0x08000581         Code  Gb  I64DivMod.o [5]
__cmain                 0x080010e9         Code  Gb  cmain.o [5]
__exit                  0x08001119   0x14  Code  Gb  exit.o [6]
__iar_data_init3        0x0800108d   0x28  Code  Gb  data_init.o [5]
__iar_init_vfp          0x080010b5         Code  Gb  fpinit_M.o [4]
__iar_packbits_init_single3
                        0x08001019   0x38  Code  Gb  packbits_init_single.o [5]
__iar_program_start     0x0800113d         Code  Gb  cstartup_M.o [5]
__iar_systems$$module {Abs}
                        0x00000001         Data  Gb  command line/config [2]
__low_level_init        0x08001103    0x4  Code  Gb  low_level_init.o [3]
__vector_table          0x08000000         Data  Gb  startup_stm32f446xx.o [1]
_call_main              0x080010f5         Code  Gb  cmain.o [5]
_exit                   0x0800110d         Code  Gb  cexit.o [5]
_main                   0x080010ff         Code  Gb  cmain.o [5]
exit                    0x08001107    0x4  Code  Gb  exit.o [3]
htim6                   0x20000010   0x3c  Data  Gb  main.o [1]
main                    0x08000c61   0xaa  Code  Gb  main.o [1]
uwTick                  0x20000004    0x4  Data  Gb  stm32f4xx_hal.o [1]
uwTickFreq              0x20000000    0x1  Data  Gb  stm32f4xx_hal.o [1]
uwTickPrio              0x20000008    0x4  Data  Gb  stm32f4xx_hal.o [1]


[1] = C:\Users\KOKUBO\Documents\STM32開発\TIM6_Practice\EWARM\TIM6_Practice\Obj
[2] = command line
[3] = dl7M_tlf.a
[4] = m7M_tls.a
[5] = rt7M_tl.a
[6] = shb_l.a

  4 778 bytes of readonly  code memory
     31 bytes of readonly  data memory
  1 100 bytes of readwrite data memory

Errors: none
Warnings: none
